\BOOKMARK [1][-]{cover.1}{\376\377\134\001\000\040\227\142}{}% 1
\BOOKMARK [1][-]{title.1}{\376\377\150\007\000\040\230\230}{}% 2
\BOOKMARK [1][-]{contents.1}{\376\377\166\356\000\040\137\125}{}% 3
\BOOKMARK [1][-]{section.1}{\376\377\0001\000\040\225\356\230\230\221\315\217\360\060\001\200\314\146\157\147\072\164\006\116\016\133\146\147\057\122\115\154\277\145\207\163\056\176\374\217\360}{}% 4
\BOOKMARK [2][-]{subsection.1.1}{\376\377\0001\000.\0001\000\040\170\024\172\166\200\314\146\157\116\016\131\032\152\041\140\001\140\305\141\037\122\006\147\220\166\204\163\260\133\236\227\000\154\102}{section.1}% 5
\BOOKMARK [2][-]{subsection.1.2}{\376\377\0001\000.\0002\000\040\131\032\152\041\140\001\140\305\141\037\213\241\173\227\227\142\116\064\166\204\116\011\131\047\150\070\137\303\164\006\213\272\116\016\135\345\172\013\143\021\142\030}{section.1}% 6
\BOOKMARK [3][-]{subsubsection.1.2.1}{\376\377\0001\000.\0002\000.\0001\000\040\143\021\142\030\116\000\377\032\131\032\156\220\141\037\167\345\117\341\123\367\166\204\145\366\136\217\137\002\147\204\137\002\153\145\116\016\213\355\116\111\227\136\133\371\237\120\226\276\230\230}{subsection.1.2}% 7
\BOOKMARK [3][-]{subsubsection.1.2.2}{\376\377\0001\000.\0002\000.\0002\000\040\143\021\142\030\116\214\377\032\220\032\117\341\142\226\122\250\116\016\170\154\116\366\145\105\226\234\213\361\123\321\166\204\134\100\220\350\172\201\123\321\152\041\140\001\217\336\176\355\116\042\131\061}{subsection.1.2}% 8
\BOOKMARK [3][-]{subsubsection.1.2.3}{\376\377\0001\000.\0002\000.\0003\000\040\143\021\142\030\116\011\377\032\140\305\141\037\226\366\136\246\116\064\165\114\123\072\165\061\116\216\116\272\174\173\116\073\211\302\150\007\154\350\122\006\153\147\137\025\123\321\166\204\116\055\140\047\121\263\173\126\217\271\165\114\152\041\174\312\140\047}{subsection.1.2}% 9
\BOOKMARK [2][-]{subsection.1.3}{\376\377\0001\000.\0003\000\040\215\133\230\230\121\167\117\123\116\373\122\241\166\204\174\373\176\337\140\047\221\315\217\360\116\016\145\160\133\146\142\275\214\141}{section.1}% 10
\BOOKMARK [3][-]{subsubsection.1.3.1}{\376\377\0001\000.\0003\000.\0001\000\040\225\356\230\230\116\000\116\373\122\241\221\315\217\360\377\032\147\052\133\371\237\120\131\032\152\041\140\001\145\366\136\217\162\171\137\201\166\204\232\330\117\335\167\037\122\250\140\001\133\371\237\120\116\016\207\215\124\010}{subsection.1.3}% 11
\BOOKMARK [3][-]{subsubsection.1.3.2}{\376\377\0001\000.\0003\000.\0002\000\040\225\356\230\230\116\214\116\373\122\241\221\315\217\360\377\032\142\227\152\041\140\001\134\100\220\350\177\072\131\061\166\204\234\201\150\322\140\305\141\037\213\306\122\053\116\016\230\166\117\032\000\040\000S\000O\000T\000A\000\040\172\201\170\064}{subsection.1.3}% 12
\BOOKMARK [3][-]{subsubsection.1.3.3}{\376\377\0001\000.\0003\000.\0003\000\040\225\356\230\230\116\011\116\373\122\241\221\315\217\360\377\032\131\032\152\041\140\001\123\117\124\014\126\340\147\234\137\122\126\340\116\016\123\314\134\102\176\306\174\222\136\246\145\366\136\217\123\357\211\343\221\312\140\047\122\006\147\220}{subsection.1.3}% 13
\BOOKMARK [2][-]{subsection.1.4}{\376\377\0001\000.\0004\000\040\126\375\121\205\131\026\133\146\147\057\122\115\154\277\123\321\134\125\201\011\176\334\116\016\176\317\121\170\203\003\137\017\157\024\217\333}{section.1}% 14
\BOOKMARK [2][-]{subsection.1.5}{\376\377\0001\000.\0005\000\040\147\054\145\207\150\070\137\303\122\033\145\260\215\041\163\056\116\016\121\150\146\157\170\024\172\166\215\357\176\277}{section.1}% 15
\BOOKMARK [1][-]{section.2}{\376\377\0002\000\040\145\160\143\156\143\242\175\042\140\047\122\006\147\220\000\040\000\050\000E\000D\000A\000\051\060\001\176\337\213\241\162\171\140\047\116\016\173\046\123\367\120\107\213\276\174\373\176\337}{}% 16
\BOOKMARK [2][-]{subsection.2.1}{\376\377\0002\000.\0001\000\040\000C\000M\000U\000-\000M\000O\000S\000E\000I\000\040\145\160\143\156\226\306\176\323\147\204\121\150\146\157\211\343\122\126\116\016\162\171\137\201\143\320\123\326\147\072\122\066}{section.2}% 17
\BOOKMARK [2][-]{subsection.2.2}{\376\377\0002\000.\0002\000\040\131\032\152\041\140\001\145\366\136\217\137\002\153\145\140\047\116\016\221\307\150\067\163\207\122\006\136\003\176\337\213\241\122\006\147\220}{section.2}% 18
\BOOKMARK [2][-]{subsection.2.3}{\376\377\0002\000.\0003\000\040\140\305\141\037\150\007\173\176\176\337\213\241\122\006\136\003\116\016\116\015\136\163\210\141\140\047\211\343\122\126}{section.2}% 19
\BOOKMARK [3][-]{subsubsection.2.3.1}{\376\377\0002\000.\0003\000.\0001\000\040\217\336\176\355\140\305\141\037\137\072\136\246\126\336\137\122\150\007\173\176\122\006\136\003}{subsection.2.3}% 20
\BOOKMARK [3][-]{subsubsection.2.3.2}{\376\377\0002\000.\0003\000.\0002\000\040\171\273\145\143\116\011\122\006\174\173\150\067\147\054\174\173\122\053\153\324\117\213\122\006\136\003}{subsection.2.3}% 21
\BOOKMARK [2][-]{subsection.2.4}{\376\377\0002\000.\0004\000\040\226\366\136\246\116\064\165\114\123\072\150\067\147\054\166\204\176\337\213\241\162\171\137\201\116\016\116\073\211\302\150\007\154\350\122\006\153\147\221\317\123\026}{section.2}% 22
\BOOKMARK [2][-]{subsection.2.5}{\376\377\0002\000.\0005\000\040\152\041\127\213\166\204\124\010\164\006\120\107\213\276\174\373\176\337\116\016\145\160\133\146\153\143\137\123\140\047\213\272\213\301}{section.2}% 23
\BOOKMARK [2][-]{subsection.2.6}{\376\377\0002\000.\0006\000\040\150\070\137\303\145\160\133\146\173\046\123\367\116\016\123\330\221\317\174\373\176\337\213\364\146\016\210\150}{section.2}% 24
\BOOKMARK [1][-]{section.3}{\376\377\0003\000\040\225\356\230\230\116\000\377\032\127\372\116\216\122\250\140\001\145\366\225\364\211\304\145\164\116\016\131\032\131\064\116\244\123\311\154\350\141\017\122\233\166\204\201\352\220\002\136\224\133\371\237\120\152\041\127\213}{}% 25
\BOOKMARK [2][-]{subsection.3.1}{\376\377\0003\000.\0001\000\040\215\350\152\041\140\001\145\366\136\217\137\002\153\145\225\356\230\230\166\204\137\142\137\017\123\026\145\160\133\146\143\317\217\360}{section.3}% 26
\BOOKMARK [2][-]{subsection.3.2}{\376\377\0003\000.\0002\000\040\122\250\140\001\145\366\225\364\211\304\145\164\000\040\000\050\000D\000y\000n\000a\000m\000i\000c\000\040\000T\000i\000m\000e\000\040\000W\000a\000r\000p\000i\000n\000g\000,\000\040\000D\000T\000W\000\051\000\040\145\160\133\146\147\072\164\006\116\016\220\022\143\250\143\250\133\374}{section.3}% 27
\BOOKMARK [3][-]{subsubsection.3.2.1}{\376\377\0003\000.\0002\000.\0001\000\040\134\100\220\350\215\335\171\273\155\113\136\246\147\204\136\372}{subsection.3.2}% 28
\BOOKMARK [3][-]{subsubsection.3.2.2}{\376\377\0003\000.\0002\000.\0002\000\040\175\057\171\357\116\343\116\367\167\351\226\065\116\016\122\250\140\001\211\304\122\022\145\271\172\013}{subsection.3.2}% 29
\BOOKMARK [3][-]{subsubsection.3.2.3}{\376\377\0003\000.\0002\000.\0003\000\040\000S\000a\000k\000o\000e\000-\000C\000h\000i\000b\000a\000\040\121\150\134\100\176\246\147\137\136\046\122\240\220\037}{subsection.3.2}% 30
\BOOKMARK [2][-]{subsection.3.3}{\376\377\0003\000.\0003\000\040\173\227\154\325\213\276\213\241\116\016\117\052\116\343\170\001\133\236\163\260}{section.3}% 31
\BOOKMARK [2][-]{subsection.3.4}{\376\377\0003\000.\0004\000\040\215\350\152\041\140\001\131\032\131\064\177\051\145\076\160\271\171\357\154\350\141\017\122\233\145\366\225\364\221\315\221\307\150\067\147\072\122\066}{section.3}% 32
\BOOKMARK [2][-]{subsection.3.5}{\376\377\0003\000.\0005\000\040\133\371\237\120\215\050\221\317\131\032\176\364\136\246\221\317\123\026\213\304\117\060\116\016\123\357\211\306\123\026\150\300\232\214}{section.3}% 33
\BOOKMARK [3][-]{subsubsection.3.5.1}{\376\377\0003\000.\0005\000.\0001\000\040\117\341\140\157\213\272\116\222\117\341\140\157\143\320\123\107\136\246\221\317}{subsection.3.5}% 34
\BOOKMARK [3][-]{subsubsection.3.5.2}{\376\377\0003\000.\0005\000.\0002\000\040\145\366\136\217\137\057\146\362\215\357\137\204\121\340\117\125\172\063\133\232\140\047\122\006\147\220}{subsection.3.5}% 35
\BOOKMARK [2][-]{subsection.3.6}{\376\377\0003\000.\0006\000\040\145\160\143\156\226\306\150\007\121\306\123\026\230\204\131\004\164\006\155\101\154\064\176\277\204\075\127\060}{section.3}% 36
\BOOKMARK [1][-]{section.4}{\376\377\0004\000\040\225\356\230\230\116\214\377\032\142\227\152\041\140\001\177\072\131\061\234\201\150\322\210\150\137\201\177\121\176\334\116\016\000\040\000D\000T\000H\000-\000C\000h\000a\000m\000p\000i\000o\000n\000\040\140\305\141\037\122\006\174\173\152\041\127\213}{}% 37
\BOOKMARK [2][-]{subsection.4.1}{\376\377\0004\000.\0001\000\040\152\041\140\001\134\100\220\350\226\217\147\072\177\072\131\061\166\204\137\142\137\017\123\026\145\160\133\146\136\372\152\041}{section.4}% 38
\BOOKMARK [2][-]{subsection.4.2}{\376\377\0004\000.\0002\000\040\122\250\140\001\234\201\150\322\131\032\152\041\140\001\177\121\176\334\000\040\000\050\000D\000R\000M\000-\000N\000e\000t\000\051\000\040\117\123\174\373\147\266\147\204\213\276\213\241}{section.4}% 39
\BOOKMARK [3][-]{subsubsection.4.2.1}{\376\377\0004\000.\0002\000.\0001\000\040\0001\000.\000\040\152\041\140\001\162\171\133\232\122\115\177\156\142\225\134\004\116\016\123\357\133\146\116\140\116\012\116\013\145\207\000\040\000P\000r\000o\000m\000p\000t\000\040\154\350\121\145}{subsection.4.2}% 40
\BOOKMARK [3][-]{subsubsection.4.2.2}{\376\377\0004\000.\0002\000.\0002\000\040\0002\000.\000\040\152\041\140\001\121\205\123\314\124\021\225\350\143\247\137\252\163\257\123\125\121\103\000\040\000\050\000B\000i\000-\000G\000R\000U\000\051\000\040\145\366\136\217\136\163\156\321}{subsection.4.2}% 41
\BOOKMARK [3][-]{subsubsection.4.2.3}{\376\377\0004\000.\0002\000.\0003\000\040\0003\000.\000\040\0004\131\064\215\350\152\041\140\001\116\244\123\311\154\350\141\017\122\233\116\222\210\145\154\140\000\040\000\050\0004\000-\000H\000e\000a\000d\000\040\000M\000H\000C\000A\000\051}{subsection.4.2}% 42
\BOOKMARK [3][-]{subsubsection.4.2.4}{\376\377\0004\000.\0002\000.\0004\000\040\0004\000.\000\040\121\262\172\201\141\037\167\345\201\352\220\002\136\224\225\350\143\247\147\072\122\066\000\040\000\050\000C\000o\000n\000f\000l\000i\000c\000t\000-\000A\000w\000a\000r\000e\000\040\000G\000a\000t\000i\000n\000g\000,\000\040\000C\000A\000G\000\051}{subsection.4.2}% 43
\BOOKMARK [2][-]{subsection.4.3}{\376\377\0004\000.\0003\000\040\131\032\116\373\122\241\200\124\124\010\143\137\131\061\121\375\145\160\116\016\136\217\145\160\142\323\142\121\140\351\177\132\000\040\000\050\000W\000O\000D\000\051}{section.4}% 44
\BOOKMARK [3][-]{subsubsection.4.3.1}{\376\377\0004\000.\0003\000.\0001\000\040\0001\000.\000\040\217\336\176\355\140\305\141\037\137\072\136\246\000\040\000S\000m\000o\000o\000t\000h\000\040\000L\0001\000\040\126\336\137\122\143\137\131\061}{subsection.4.3}% 45
\BOOKMARK [3][-]{subsubsection.4.3.2}{\376\377\0004\000.\0003\000.\0002\000\040\0002\000.\000\040\136\046\174\173\122\053\116\015\136\163\210\141\136\163\156\321\147\103\221\315\166\204\116\244\123\311\161\265\122\006\174\173\143\137\131\061}{subsection.4.3}% 46
\BOOKMARK [3][-]{subsubsection.4.3.3}{\376\377\0004\000.\0003\000.\0003\000\040\0003\000.\000\040\127\372\116\216\147\000\117\030\117\040\217\223\164\006\213\272\166\204\000\040\000W\000a\000s\000s\000e\000r\000s\000t\000e\000i\000n\000\040\136\217\145\160\142\323\142\121\140\351\177\132\143\137\131\061\000\040\000\050\000W\000O\000D\000\051}{subsection.4.3}% 47
\BOOKMARK [3][-]{subsubsection.4.3.4}{\376\377\0004\000.\0003\000.\0004\000\040\0004\000.\000\040\232\330\145\257\217\157\150\007\173\176\122\006\136\003\133\146\116\140\000\040\000\050\000G\000a\000u\000s\000s\000i\000a\000n\000\040\000L\000D\000L\000\051}{subsection.4.3}% 48
\BOOKMARK [3][-]{subsubsection.4.3.5}{\376\377\0004\000.\0003\000.\0005\000\040\0005\000.\000\040\140\073\131\032\116\373\122\241\200\124\124\010\117\030\123\026\166\356\150\007}{subsection.4.3}% 49
\BOOKMARK [2][-]{subsection.4.4}{\376\377\0004\000.\0004\000\040\162\354\172\313\155\113\213\325\226\306\122\006\174\173\164\366\230\210\155\361\136\246\156\257\156\220\213\312\145\255\000\040\000\050\116\055\140\047\116\064\165\114\123\072\152\041\174\312\140\047\116\016\155\367\155\306\167\351\226\065\000\051}{section.4}% 50
\BOOKMARK [2][-]{subsection.4.5}{\376\377\0004\000.\0005\000\040\172\201\170\064\000\040\000S\000O\000T\000A\000\040\166\204\150\070\137\303\137\025\144\316\377\032\000D\000T\000H\000-\000C\000h\000a\000m\000p\000i\000o\000n\000\040\131\032\155\361\136\246\142\323\142\121\121\103\133\146\116\140\226\306\142\020}{section.4}% 51
\BOOKMARK [3][-]{subsubsection.4.5.1}{\376\377\0004\000.\0005\000.\0001\000\040\0001\000.\000\040\0002\0006\0001\000\040\176\364\155\361\136\246\226\220\172\172\225\364\121\103\162\171\137\201\210\150\137\201\167\351\226\065\147\204\136\372}{subsection.4.5}% 52
\BOOKMARK [3][-]{subsubsection.4.5.2}{\376\377\0004\000.\0005\000.\0002\000\040\0002\000.\000\040\147\201\172\357\226\217\147\072\150\021\000\040\000\050\000E\000x\000t\000r\000a\000T\000r\000e\000e\000s\000\051\000\040\227\136\176\277\140\047\226\066\150\257\122\007\122\006\116\016\120\117\135\356\000-\145\271\135\356\122\006\211\343}{subsection.4.5}% 53
\BOOKMARK [3][-]{subsubsection.4.5.3}{\376\377\0004\000.\0005\000.\0003\000\040\0003\000.\000\040\131\032\155\361\136\246\142\323\142\121\127\372\152\041\127\213\177\244\147\204\136\372\116\016\136\163\156\321\217\157\142\225\171\150}{subsection.4.5}% 54
\BOOKMARK [2][-]{subsection.4.6}{\376\377\0004\000.\0006\000\040\147\103\132\001\133\371\153\324\133\236\232\214\140\073\210\150\116\016\172\201\170\064\000\040\000S\000O\000T\000A\000\040\213\244\213\301}{section.4}% 55
\BOOKMARK [2][-]{subsection.4.7}{\376\377\0004\000.\0007\000\040\0001\0008\000\040\176\304\142\227\152\041\140\001\134\100\220\350\177\072\131\061\155\210\207\215\133\236\232\214\121\150\146\157\122\126\147\220}{section.4}% 56
\BOOKMARK [2][-]{subsection.4.8}{\376\377\0004\000.\0008\000\040\226\104\116\366\000\040\0003\000\040\152\041\140\001\134\100\220\350\177\072\131\061\116\023\230\171\155\113\213\325\226\306\230\204\155\113\176\323\147\234\155\361\136\246\122\006\147\220}{section.4}% 57
\BOOKMARK [1][-]{section.5}{\376\377\0005\000\040\225\356\230\230\116\011\377\032\131\032\152\041\140\001\123\117\124\014\137\122\126\340\116\016\123\314\134\102\176\306\174\222\136\246\145\366\136\217\123\357\211\343\221\312\140\047\122\006\147\220\152\041\127\213}{}% 58
\BOOKMARK [2][-]{subsection.5.1}{\376\377\0005\000.\0001\000\040\123\314\134\102\123\117\124\014\137\122\126\340\145\271\154\325\213\272\116\016\121\154\164\006\123\026\123\357\117\341\121\306\122\031}{section.5}% 59
\BOOKMARK [2][-]{subsection.5.2}{\376\377\0005\000.\0002\000\040\133\217\211\302\134\102\377\032\152\041\140\001\122\250\140\001\215\041\163\056\136\246\133\232\221\317\137\122\126\340\145\160\133\146\152\041\127\213}{section.5}% 60
\BOOKMARK [3][-]{subsubsection.5.2.1}{\376\377\0005\000.\0002\000.\0001\000\040\0001\000.\000\040\171\357\122\006\150\257\136\246\000\040\000\050\000I\000n\000t\000e\000g\000r\000a\000t\000e\000d\000\040\000G\000r\000a\000d\000i\000e\000n\000t\000s\000\051\000\040\154\277\166\364\176\277\215\357\137\204\171\357\122\006}{subsection.5.2}% 61
\BOOKMARK [3][-]{subsubsection.5.2.2}{\376\377\0005\000.\0002\000.\0002\000\040\0002\000.\000\040\152\041\140\001\176\335\133\371\116\016\166\370\133\371\215\041\163\056\166\176\122\006\153\324\133\232\116\111}{subsection.5.2}% 62
\BOOKMARK [2][-]{subsection.5.3}{\376\377\0005\000.\0003\000\040\133\217\211\302\152\041\140\001\123\117\124\014\211\304\137\213\121\150\146\157\122\126\147\220}{section.5}% 63
\BOOKMARK [2][-]{subsection.5.4}{\376\377\0005\000.\0004\000\040\137\256\211\302\134\102\377\032\176\306\174\222\136\246\145\366\136\217\146\076\204\127\140\047\116\016\211\306\124\054\121\163\225\056\213\301\143\156\133\232\117\115}{section.5}% 64
\BOOKMARK [3][-]{subsubsection.5.4.1}{\376\377\0005\000.\0004\000.\0001\000\040\0001\000.\000\040\145\366\136\217\154\350\141\017\122\233\126\336\156\332\173\227\133\120\000\040\000\050\000T\000e\000m\000p\000o\000r\000a\000l\000\040\000A\000t\000t\000e\000n\000t\000i\000o\000n\000\040\000R\000o\000l\000l\000o\000u\000t\000\051}{subsection.5.4}% 65
\BOOKMARK [3][-]{subsubsection.5.4.2}{\376\377\0005\000.\0004\000.\0002\000\040\0002\000.\000\040\121\163\225\056\145\366\153\145\154\342\134\360\201\352\220\002\136\224\143\320\123\326\173\227\154\325}{subsection.5.4}% 66
\BOOKMARK [3][-]{subsubsection.5.4.3}{\376\377\0005\000.\0004\000.\0003\000\040\0003\000.\000\040\162\151\164\006\145\366\225\364\142\063\000\040\000\050\171\322\000\051\000\040\116\016\121\163\225\056\211\306\230\221\136\047\123\367\000\040\000\050\000F\000r\000a\000m\000e\000\051\000\040\174\276\170\156\146\040\134\004}{subsection.5.4}% 67
\BOOKMARK [3][-]{subsubsection.5.4.4}{\376\377\0005\000.\0004\000.\0004\000\040\0004\000.\000\040\145\207\147\054\150\070\137\303\140\305\141\037\121\163\225\056\213\315\123\345\123\315\124\021\133\232\117\115}{subsection.5.4}% 68
\BOOKMARK [2][-]{subsection.5.5}{\376\377\0005\000.\0005\000\040\131\032\152\041\140\001\121\263\173\126\213\301\143\156\123\141\162\107\123\357\211\306\123\026\211\343\147\220}{section.5}% 69
\BOOKMARK [3][-]{subsubsection.5.5.1}{\376\377\0005\000.\0005\000.\0001\000\040\153\143\124\021\150\067\147\054\000\040\000t\000e\000s\000t\000\137\0000\0004\000\040\155\361\136\246\126\340\147\234\211\343\147\220}{subsection.5.5}% 70
\BOOKMARK [3][-]{subsubsection.5.5.2}{\376\377\0005\000.\0005\000.\0002\000\040\215\037\124\021\150\067\147\054\000\040\000t\000e\000s\000t\000\137\0000\0002\000\040\155\361\136\246\126\340\147\234\211\343\147\220}{subsection.5.5}% 71
\BOOKMARK [2][-]{subsection.5.6}{\376\377\0005\000.\0006\000\040\226\104\116\366\000\040\0004\000\040\123\357\211\343\221\312\116\023\230\171\155\113\213\325\226\306\121\150\221\317\000\040\0002\0000\000\040\116\052\150\067\147\054\230\204\155\113\116\016\137\122\126\340\176\323\147\234\116\244\116\330}{section.5}% 72
\BOOKMARK [1][-]{section.6}{\376\377\0006\000\040\116\011\230\171\116\373\122\241\166\204\220\073\217\221\224\376\060\001\145\160\143\156\225\355\163\257\116\016\176\323\213\272\217\271\165\114}{}% 73
\BOOKMARK [2][-]{subsection.6.1}{\376\377\0006\000.\0001\000\040\145\160\143\156\122\006\134\102\116\016\117\341\140\157\117\177\165\050\217\271\165\114}{section.6}% 74
\BOOKMARK [2][-]{subsection.6.2}{\376\377\0006\000.\0002\000\040\225\356\230\230\116\000\377\032\116\316\123\237\131\313\211\306\230\221\122\060\176\337\116\000\145\366\136\217\162\171\137\201}{section.6}% 75
\BOOKMARK [2][-]{subsection.6.3}{\376\377\0006\000.\0003\000\040\225\356\230\230\116\214\377\032\134\100\220\350\177\072\131\061\060\001\234\201\150\322\230\204\155\113\116\016\116\023\230\171\143\250\164\006}{section.6}% 76
\BOOKMARK [2][-]{subsection.6.4}{\376\377\0006\000.\0004\000\040\225\356\230\230\116\011\377\032\220\156\143\041\145\117\141\037\140\047\116\016\134\100\220\350\213\301\143\156\133\232\117\115}{section.6}% 77
\BOOKMARK [2][-]{subsection.6.5}{\376\377\0006\000.\0005\000\040\145\160\143\156\225\355\163\257\116\016\176\323\213\272\217\271\165\114}{section.6}% 78
\BOOKMARK [1][-]{section.7}{\376\377\0007\000\040\152\041\127\213\213\304\116\367\060\001\145\117\141\037\140\047\116\016\144\104\122\250\234\201\150\322\140\047\122\006\147\220\123\312\135\345\116\032\176\247\143\250\136\177}{}% 79
\BOOKMARK [2][-]{subsection.7.1}{\376\377\0007\000.\0001\000\040\152\041\127\213\166\204\176\374\124\010\117\030\177\072\160\271\133\242\211\302\213\304\116\367\000\040\000\050\000S\000t\000r\000e\000n\000g\000t\000h\000s\000\040\000a\000n\000d\000\040\000W\000e\000a\000k\000n\000e\000s\000s\000e\000s\000\051}{section.7}% 80
\BOOKMARK [3][-]{subsubsection.7.1.1}{\376\377\0007\000.\0001\000.\0001\000\040\152\041\127\213\150\070\137\303\117\030\122\277\000\040\000\050\000S\000t\000r\000e\000n\000g\000t\000h\000s\000\051}{subsection.7.1}% 81
\BOOKMARK [3][-]{subsubsection.7.1.2}{\376\377\0007\000.\0001\000.\0002\000\040\152\041\127\213\134\100\226\120\140\047\116\016\157\134\127\050\116\015\215\263\000\040\000\050\000W\000e\000a\000k\000n\000e\000s\000s\000e\000s\000\051}{subsection.7.1}% 82
\BOOKMARK [2][-]{subsection.7.2}{\376\377\0007\000.\0002\000\040\116\045\214\050\166\204\145\117\141\037\140\047\122\006\147\220\116\016\144\104\122\250\234\201\150\322\140\047\232\214\213\301\000\040\000\050\000S\000e\000n\000s\000i\000t\000i\000v\000i\000t\000y\000\040\000a\000n\000d\000\040\000P\000e\000r\000t\000u\000r\000b\000a\000t\000i\000o\000n\000\040\000R\000o\000b\000u\000s\000t\000n\000e\000s\000s\000\051}{section.7}% 83
\BOOKMARK [3][-]{subsubsection.7.2.1}{\376\377\0007\000.\0002\000.\0001\000\040\232\330\145\257\166\175\126\152\130\360\154\350\121\145\144\104\122\250\122\006\147\220\000\040\000\050\000A\000d\000d\000i\000t\000i\000v\000e\000\040\000G\000a\000u\000s\000s\000i\000a\000n\000\040\000N\000o\000i\000s\000e\000\040\000R\000o\000b\000u\000s\000t\000n\000e\000s\000s\000\051}{subsection.7.2}% 84
\BOOKMARK [3][-]{subsubsection.7.2.2}{\376\377\0007\000.\0002\000.\0002\000\040\162\171\137\201\226\217\147\072\131\061\167\037\116\016\134\100\220\350\000\040\000D\000r\000o\000p\000o\000u\000t\000\040\144\104\122\250\116\012\116\013\165\114\213\301\146\016\116\016\232\214\213\301}{subsection.7.2}% 85
\BOOKMARK [3][-]{subsubsection.7.2.3}{\376\377\0007\000.\0002\000.\0003\000\040\152\041\127\213\121\163\225\056\215\205\123\302\145\160\177\121\150\074\145\117\141\037\140\047\122\006\147\220}{subsection.7.2}% 86
\BOOKMARK [2][-]{subsection.7.3}{\376\377\0007\000.\0003\000\040\152\041\127\213\166\204\157\024\217\333\134\100\226\120\140\047\116\016\147\052\147\145\123\321\134\125\215\357\176\277\126\376\000\040\000\050\000F\000u\000t\000u\000r\000e\000\040\000R\000o\000a\000d\000m\000a\000p\000\051}{section.7}% 87
\BOOKMARK [3][-]{subsubsection.7.3.1}{\376\377\0007\000.\0003\000.\0001\000\040\131\047\213\355\212\000\152\041\127\213\000\040\000\050\000L\000L\000M\000\051\000\040\116\016\123\237\165\037\141\037\167\345\172\357\122\060\172\357\200\124\124\010\137\256\214\003}{subsection.7.3}% 88
\BOOKMARK [3][-]{subsubsection.7.3.2}{\376\377\0007\000.\0003\000.\0002\000\040\227\142\124\021\116\055\140\047\150\007\154\350\136\225\126\152\166\204\201\352\220\002\136\224\123\112\166\321\167\143\156\005\155\027\116\016\177\156\117\341\133\146\116\140}{subsection.7.3}% 89
\BOOKMARK [3][-]{subsubsection.7.3.3}{\376\377\0007\000.\0003\000.\0003\000\040\215\350\213\355\171\315\060\001\215\350\145\207\123\026\116\016\226\366\150\067\147\054\217\301\171\373\154\333\123\026\000\040\000\050\000C\000r\000o\000s\000s\000-\000l\000i\000n\000g\000u\000a\000l\000\040\000/\000\040\000Z\000e\000r\000o\000-\000s\000h\000o\000t\000\040\000T\000r\000a\000n\000s\000f\000e\000r\000\051}{subsection.7.3}% 90
\BOOKMARK [2][-]{subsection.7.4}{\376\377\0007\000.\0004\000\040\135\345\116\032\176\247\204\075\127\060\136\224\165\050\127\072\146\157\116\016\230\206\127\337\154\333\123\026\142\323\134\125}{section.7}% 91
\BOOKMARK [3][-]{subsubsection.7.4.1}{\376\377\0007\000.\0004\000.\0001\000\040\123\073\165\227\120\145\136\267\377\032\116\064\136\212\137\303\164\006\165\276\165\305\116\016\142\221\220\301\165\307\145\351\147\037\145\160\133\127\123\026\173\133\147\345}{subsection.7.4}% 92
\BOOKMARK [3][-]{subsubsection.7.4.2}{\376\377\0007\000.\0004\000.\0002\000\040\146\172\200\375\136\247\202\061\377\032\232\176\232\166\124\130\165\262\122\263\060\001\141\044\140\022\116\016\215\357\140\022\165\307\133\236\145\366\141\037\167\345\230\204\213\146}{subsection.7.4}% 93
\BOOKMARK [3][-]{subsubsection.7.4.3}{\376\377\0007\000.\0004\000.\0003\000\040\221\321\207\215\116\016\165\065\125\106\377\032\146\172\200\375\133\242\147\015\116\211\213\256\116\362\210\301\116\016\166\364\144\255\136\046\215\047\202\006\140\305\167\254\140\001\143\125\143\111}{subsection.7.4}% 94
\BOOKMARK [3][-]{subsubsection.7.4.4}{\376\377\0007\000.\0004\000.\0004\000\040\217\271\177\030\172\357\217\173\221\317\123\026\220\350\177\162\116\016\133\236\145\366\143\250\164\006\136\366\217\337\155\113\213\325\000\040\000\050\000E\000d\000g\000e\000\040\000I\000n\000f\000e\000r\000e\000n\000c\000e\000\040\000B\000e\000n\000c\000h\000m\000a\000r\000k\000\051}{subsection.7.4}% 95
\BOOKMARK [1][-]{section*.28}{\376\377\123\302\200\003\145\207\163\056}{}% 96
